../Core/Src/main.c:120:6:println	272	static
../Core/Src/main.c:141:13:detectPulse	8	static
../Core/Src/main.c:154:6:readKeypad	88	static
../Core/Src/main.c:197:6:sendPulse	16	static
../Core/Src/main.c:208:6:waitForPulse	24	static
../Core/Src/main.c:231:6:waitForPulseWithTimeout	24	static
../Core/Src/main.c:242:6:startMessageTransmission	16	static
../Core/Src/main.c:259:6:listenForMessage	24	static
../Core/Src/main.c:285:6:LCD_Init	8	static
../Core/Src/main.c:323:6:LCD_SendCommand	16	static
../Core/Src/main.c:341:6:LCD_SendData	16	static
../Core/Src/main.c:359:6:LCD_SendNibble	16	static
../Core/Src/main.c:382:6:LCD_PulseEnable	8	static
../Core/Src/main.c:393:6:LCD_Clear	8	static
../Core/Src/main.c:401:6:LCD_SetCursor	24	static
../Core/Src/main.c:416:6:LCD_Print	16	static
../Core/Src/main.c:440:5:main	16	static
../Core/Src/main.c:517:6:SystemClock_Config	88	static
../Core/Src/main.c:561:13:MX_USART2_UART_Init	8	static
../Core/Src/main.c:590:13:MX_GPIO_Init	48	static
../Core/Src/main.c:704:6:Error_Handler	4	static,ignoring_inline_asm
